// Jest Snapshot v1, https://goo.gl/fbAQLP

exports[`Jest testing of React Components Testing App Component 1`] = `
<div
  className="App"
>
  <div
    className="container"
  >
    <div
      className="row mt-5"
    >
      <div
        className="col-md-6 m-auto"
      >
        <div
          className="card card-body text-center"
        >
          <h1>
            Task Management Application
          </h1>
          <p>
            Create an account or login
          </p>
          <a
            className="btn btn-primary btn-block mb-2"
            href="/register"
            onClick={[Function]}
          >
            Register
          </a>
          <a
            className="btn btn-secondary btn-block"
            href="/login"
            onClick={[Function]}
          >
            Login
          </a>
        </div>
      </div>
    </div>
  </div>
</div>
`;
